1586-539 (I) Loop (loop index 1) at bench_scala_qr.cxx <line 122> was not SIMD vectorized because it contains function calls.
1586-539 (I) Loop (loop index 2) at bench_scala_qr.cxx <line 123> was not SIMD vectorized because it contains function calls.
1586-539 (I) Loop (loop index 3) at bench_scala_qr.cxx <line 104> was not SIMD vectorized because it contains function calls.
1586-539 (I) Loop (loop index 4) at bench_scala_qr.cxx <line 105> was not SIMD vectorized because it contains function calls.
1586-539 (I) Loop (loop index 5) at bench_scala_qr.cxx <line 89> was not SIMD vectorized because it contains function calls.
1586-539 (I) Loop (loop index 6) at bench_scala_qr.cxx <line 90> was not SIMD vectorized because it contains function calls.
1586-539 (I) Loop (loop index 7) at bench_scala_qr.cxx <line 29> was not SIMD vectorized because it contains function calls.
1586-539 (I) Loop (loop index 8) at bench_scala_qr.cxx <line 30> was not SIMD vectorized because it contains function calls.
1586-539 (I) Loop (loop index 9) at bench_scala_qr.cxx <line 30> was not SIMD vectorized because it contains function calls.
1586-543 (I) <SIMD info> Total number of the innermost loops considered <"5">. Total number of the innermost loops SIMD vectorized <"0">.
1586-539 (I) Loop (loop index 1) at bench_scala_qr.cxx <line 122> was not SIMD vectorized because it contains function calls.
1586-539 (I) Loop (loop index 2) at bench_scala_qr.cxx <line 123> was not SIMD vectorized because it contains function calls.
1586-539 (I) Loop (loop index 3) at bench_scala_qr.cxx <line 104> was not SIMD vectorized because it contains function calls.
1586-539 (I) Loop (loop index 4) at bench_scala_qr.cxx <line 105> was not SIMD vectorized because it contains function calls.
1586-539 (I) Loop (loop index 5) at bench_scala_qr.cxx <line 89> was not SIMD vectorized because it contains function calls.
1586-539 (I) Loop (loop index 6) at bench_scala_qr.cxx <line 90> was not SIMD vectorized because it contains function calls.
1586-539 (I) Loop (loop index 7) at bench_scala_qr.cxx <line 29> was not SIMD vectorized because it contains function calls.
1586-539 (I) Loop (loop index 8) at bench_scala_qr.cxx <line 30> was not SIMD vectorized because it contains function calls.
1586-539 (I) Loop (loop index 9) at bench_scala_qr.cxx <line 30> was not SIMD vectorized because it contains function calls.
1586-543 (I) <SIMD info> Total number of the innermost loops considered <"5">. Total number of the innermost loops SIMD vectorized <"0">.
   147 |  int main(int argc, char * *argv)
          {
            $$argv.nat.9 = argv;
            $$argc.nat.9 = argc;
   151 |    argc = $$argc.nat.9;
            argv = $$argv.nat.9;
            MPI_Init(&argc,&argv);
   152 |    MPI_Comm_size(1140850688,&numPes);
   153 |    MPI_Comm_rank(1140850688,&myRank);
   155 |    if (!(myRank == 0)) goto lab_1;
   156 |    printf("%s [number of rows] [number of columns] [blocking factor] [number of iterations] [verify]",argv[0ll]);
   157 |    printf(" [num processor rows] [whether to benchmark form Q] [use complex]/n");
   158 |  lab_1:
   159 |    if (!(argc > 9)) goto lab_3;
   160 |    MPI_Abort(1140850688,-1);
   161 |  lab_3:
   163 |    if (!(argc > 3)) goto lab_5;
   286 |    __47 = (int) strtol(argv[3ll],NULL,10);
   285 |    b = (long long) __47;
            goto lab_7;
          lab_5:
   164 |    b = 10ll;
          lab_7:
   165 |    if (!(argc > 4)) goto lab_8;
   286 |    __51 = (int) strtol(argv[4ll],NULL,10);
   285 |    niter = (long long) __51;
            goto lab_10;
          lab_8:
   166 |    niter = 5ll;
          lab_10:
   167 |    if (!(argc > 5)) goto lab_11;
   286 |    __55 = (int) strtol(argv[5ll],NULL,10);
   285 |    verify = (long long) __55;
            goto lab_13;
          lab_11:
   168 |    verify = 1ll;
          lab_13:
   169 |    if (!(argc > 6)) goto lab_14;
   286 |    __59 = (int) strtol(argv[6ll],NULL,10);
   285 |    pr = (long long) __59;
            goto lab_16;
          lab_14:
   170 |    pr = (long long) numPes;
          lab_16:
   171 |    if (!(argc > 7)) goto lab_17;
   286 |    __63 = (int) strtol(argv[7ll],NULL,10);
   285 |    tdorgqr = __63;
            goto lab_19;
          lab_17:
   172 |    tdorgqr = 1;
          lab_19:
   173 |    if (!(argc > 8)) goto lab_20;
   286 |    __67 = (int) strtol(argv[8ll],NULL,10);
   285 |    bcomplex.rnn0 = __67 == 0;
            goto lab_22;
          lab_20:
   174 |    bcomplex.rnn0 = 1;
          lab_22:
   175 |    pc = (long long) numPes / pr;
   176 |    if (!(0ll != (long long) numPes % pr)) goto lab_23;
   177 |    if (!(myRank == 0)) goto lab_25;
   178 |    printf("%ld mod %ld != 0 Number of processor grid ",n,(long long) numPes / pr);
   179 |    printf("columns must divide into the matrix dimension/n");
   180 |  lab_25:
   181 |    MPI_Abort(1140850688,-1);
   182 |  lab_23:
   186 |    if (!(argc > 1)) goto lab_27;
   286 |    __71 = (int) strtol(argv[1ll],NULL,10);
   285 |    m = (long long) __71;
            goto lab_29;
          lab_27:
   187 |    m = 10ll * (pr * b);
          lab_29:
   188 |    if (!(argc > 2)) goto lab_30;
   286 |    __75 = (int) strtol(argv[2ll],NULL,10);
   285 |    n = (long long) __75;
            goto lab_32;
          lab_30:
   189 |    n = 10ll * (pc * b);
          lab_32:
   191 |    if (!(0ll != (long long) numPes % pr)) goto lab_33;
   192 |    if (!(myRank == 0)) goto lab_35;
   193 |    printf("%d mod %ld != 0 Number of processor grid ",numPes,pr);
   194 |    printf("rows must divide into number of processors/n");
   195 |  lab_35:
   196 |    MPI_Abort(1140850688,-1);
   197 |  lab_33:
   198 |    if (!(0ll != m % pr)) goto lab_37;
   199 |    if (!(myRank == 0)) goto lab_39;
   200 |    printf("%ld mod %ld != 0 Number of processor grid ",n,pr);
   201 |    printf("rows must divide into the matrix dimension/n");
   202 |  lab_39:
   203 |    MPI_Abort(1140850688,-1);
   204 |  lab_37:
   207 |    if (!(myRank == 0)) goto lab_41;
   208 |    if (!(tdorgqr != 0)) goto lab_43;
   209 |    printf("Benchmarking ScaLAPACK QR and form Q of ");
            goto lab_45;
          lab_43:
   211 |    printf("Benchmarking ScaLAPACK QR of ");
          lab_45:
   212 |    if (!(bcomplex.rnn0 == 0)) goto lab_46;
            printf("a complex<double> ");
            goto lab_48;
          lab_46:
   213 |    printf("a double precision ");
          lab_48:
   214 |    printf("%ld-by-%ld matrix with block size %ld/n",m,n,b);
   215 |    printf("Using %d processors in %ld-by-%ld grid./n",numPes,pr,pc);
   216 |  lab_41:
   217 |    if (!(bcomplex.rnn0 == 0)) goto lab_49;
   218 |    void bench_scala_qr<std::complex<double> >(long, long, long, long, long, long, int)(m,n,b,niter,verify,pr,tdorgqr)
            goto lab_51;
          lab_49:
   220 |    void bench_scala_qr<double>(long, long, long, long, long, long, int)(m,n,b,niter,verify,pr,tdorgqr)
          lab_51:
   221 |    MPI_Finalize();
   222 |    rstr = 0;
            return rstr;
   223 |  } /* function */ 


    41 |  void void bench_scala_qr<std::complex<double> >(long, long, long, long, long, long, int)(long long m, long long n, long long b, long long niter, long long verify, long long pr, int tdorgqr)
          {
            void bench_scala_qr<std::complex<double> >(long, long, long, long, long, long, int)::guard___func__38 = 1;
    55 |    MPI_Comm_size(1140850688,&numPes);
    56 |    MPI_Comm_rank(1140850688,&myRank);
    57 |    pc = (long long) numPes / pr;
    58 |    ipc = (long long) myRank / pr;
    59 |    ipr = (long long) myRank % pr;
    61 |    loc_A = malloc((unsigned long long) (16ll * (m * n)) / (unsigned long long) numPes);
    62 |    if (!(verify != 0ll)) goto lab_2;
    63 |    full_A = malloc((unsigned long long) (16ll * (m * n)));
    64 |    TAU2 = malloc((unsigned long long) (n * 16ll));
    65 |  lab_2:
    66 |    loc_TAU2 = malloc((unsigned long long) (n * 16ll) / (unsigned long long) pc);
    67 |    if (!((5ll * (m * n)) / (long long) numPes > (m + n) * 300ll)) goto lab_5;
            __137 = (5ll * (m * n)) / (long long) numPes;
            goto lab_6;
          lab_5:
            __137 = (m + n) * 300ll;
          lab_6:
    68 |    work = malloc((unsigned long long) (__137 * 16ll));
    69 |    malloc((unsigned long long) ((m + n) * 2400ll));
    71 |    srand48(666ll)
    73 |    Cblacs_pinfo(&iam,&inprocs)
    74 |    Cblacs_get(-1,0,&icontxt)
    75 |    cC = 67u;
            Cblacs_gridinit(&icontxt,&cC,(int) pr,(int) pc)
    76 |    cdescinit(int*, int, int, int, int, int, int, int, int, int*)(&desc_A,(int) m,(int) n,(int) b,(int) b,0,0,icontxt,(int) (m / pr),&info)
    81 |    if (info == 0) goto lab_9;
            __assert_fail("info==0","bench_scala_qr.cxx",81u,&void bench_scala_qr<std::complex<double> >(long, long, long, long, long, long, int)::__func__)
            return;
          lab_9:
    83 |    if (!(verify != 0ll)) goto lab_10;
            if (!((double) (m * (n * n)) <  1.0000000000000000E+009)) goto lab_10;
    84 |    if (!(myRank == 0)) goto lab_13;
            printf("Verifying cpgeqrf correctness/n");
          lab_13:
    29 |    if (!(0 < (int) n)) goto lab_17;
    28 |    loc_off = 0;
    29 |    if (!(0 < (int) m)) goto lab_78;
            if (!1) goto lab_77;
            $$CIV1 = 0ll;
            do {   /* id=7 guarded */ /* ~15 */ 
              /* region = 82 */
              /* bump-normalized */
    30 |      if (!1) goto lab_20;
              if (!((int) ipc == ((int) $$CIV1 / (int) b) % (int) pc)) goto lab_89;
              if (!1) goto lab_88;
              $$CIV0 = 0ll;
              do {   /* id=8 guarded */ /* ~18 */ 
                /* region = 80 */
                /* bump-normalized */
    31 |        $$TVX.$$.__12300 = drand48();
  1214 |        *(((double *)full_A) + (long long) ((int) m * (int) $$CIV1 + (int) $$CIV0) * 16ll / 8) = $$TVX.$$.__12300;
  1215 |        *(((double *)((char *)full_A + 8)) + (long long) ((int) m * (int) $$CIV1 + (int) $$CIV0) * 16ll / 8) =  0.0000000000000000E+000;
    32 |        if (!((int) ipr == ((int) $$CIV0 / (int) b) % (int) pr)) goto lab_21;
    33 |        loc_A[(long long) loc_off] = full_A[(long long) ((int) m * (int) $$CIV1 + (int) $$CIV0)];
    34 |        loc_off = loc_off + 1;
    35 |      lab_21:
    30 |        $$CIV0 = $$CIV0 + 1ll;
              } while ((unsigned long long) $$CIV0 < (unsigned long long) ((long long) ((int) m)));    /* ~18 */
            lab_88:
              goto lab_90;
            lab_89:
              if (!1) goto lab_93;
              $$CIV0 = 0ll;
              do {   /* id=9 guarded */ /* ~91 */ 
                /* region = 81 */
                /* bump-normalized */
    31 |        $$TVX.$$.__12311 = drand48();
  1214 |        *(((double *)full_A) + (long long) ((int) m * (int) $$CIV1 + (int) $$CIV0) * 16ll / 8) = $$TVX.$$.__12311;
  1215 |        *(((double *)((char *)full_A + 8)) + (long long) ((int) m * (int) $$CIV1 + (int) $$CIV0) * 16ll / 8) =  0.0000000000000000E+000;
    30 |        $$CIV0 = $$CIV0 + 1ll;
              } while ((unsigned long long) $$CIV0 < (unsigned long long) ((long long) ((int) m)));    /* ~91 */
            lab_93:
            lab_90:
            lab_20:
    29 |      $$CIV1 = $$CIV1 + 1ll;
            } while ((unsigned long long) $$CIV1 < (unsigned long long) ((long long) ((int) n)));    /* ~15 */
          lab_77:
          lab_78:
          lab_17:
    86 |    void cxgeqrf<std::complex<double> >(int, int, std::complex<double>*, int, std::complex<double>*, std::complex<double>*, int, int*)((int) m,(int) n,full_A,(int) m,TAU2,work,(int) __137,&info)
    87 |    void cpxgeqrf<std::complex<double> >(int, int, std::complex<double>*, int, int, int const*, std::complex<double>*, std::complex<double>*, int, int*)((int) m,(int) n,loc_A,1,1,&desc_A,loc_TAU2,work,(int) __137,&info)
    89 |    if (!(0ll < n)) goto lab_26;
    88 |    loc_off = 0ll;
    89 |    if (!(0ll < m)) goto lab_75;
            if (!1) goto lab_74;
            $$CIV3 = 0ll;
            do {   /* id=5 guarded */ /* ~24 */ 
              /* region = 84 */
              /* bump-normalized */
    90 |      if (!1) goto lab_29;
              if (!(ipc == ($$CIV3 / b) % pc)) goto lab_86;
              if (!1) goto lab_85;
              $$CIV2 = 0ll;
              do {   /* id=6 guarded */ /* ~27 */ 
                /* region = 83 */
                /* bump-normalized */
    91 |        if (!(ipr == ($$CIV2 / b) % pr)) goto lab_30;
   351 |        __r = full_A[m * $$CIV3 + $$CIV2];
  1272 |        __r[]@0 = real(__r._M_value@0) - real(loc_A[loc_off]);
  1273 |        __r[]@8 = imag(__r._M_value@0) - imag(loc_A[loc_off]);
   354 |        diff = __r;
    66 |        __97 = full_A[m * $$CIV3 + $$CIV2];
                if (!(real(diff._M_value@0) / real(__97._M_value@0) >  9.9999999999999995E-007)) goto lab_33;
    94 |        __101 = loc_A[loc_off];
    66 |        __105 = full_A[m * $$CIV3 + $$CIV2];
                printf("incorrect answer %ld scalapack computed %E, lapack computed %E/n",$$CIV3,real(__101._M_value@0),real(__105._M_value@0));
              lab_33:
    96 |        loc_off = loc_off + 1ll;
    97 |      lab_30:
    90 |        $$CIV2 = $$CIV2 + 1ll;
              } while ((unsigned long long) $$CIV2 < (unsigned long long) m);    /* ~27 */
            lab_85:
            lab_86:
            lab_29:
    89 |      $$CIV3 = $$CIV3 + 1ll;
            } while ((unsigned long long) $$CIV3 < (unsigned long long) n);    /* ~24 */
          lab_74:
          lab_75:
          lab_26:
   100 |    if (!(myRank == 0)) goto lab_35;
            printf("Verification of ScaLAPACK QR completed/n");
          lab_35:
   101 |  lab_10:
   103 |    time.rnnB = MPI_Wtime();
   104 |    iter = 0ll;
            if (!(0ll < niter)) goto lab_39;
            $$CIV4 = 0ll;
            do {   /* id=3 guarded */ /* ~37 */ 
              /* region = 86 */
              /* bump-normalized */
   105 |      if (!(0ll < (m * n) / (long long) numPes)) goto lab_42;
              i.rnnE = 0ll;
              do {   /* id=4 guarded */ /* ~40 */ 
                /* region = 85 */
   106 |        __108 = drand48();
  1214 |        *(((double *)loc_A) + i.rnnE * 16ll / 8) = __108;
  1215 |        *(((double *)((char *)loc_A + 8)) + i.rnnE * 16ll / 8) =  0.0000000000000000E+000;
   105 |        i.rnnE = i.rnnE + 1ll;
              } while (i.rnnE < (m * n) / (long long) numPes);    /* ~40 */
            lab_42:
   108 |      void cpxgeqrf<std::complex<double> >(int, int, std::complex<double>*, int, int, int const*, std::complex<double>*, std::complex<double>*, int, int*)((int) m,(int) n,loc_A,1,1,&desc_A,loc_TAU2,work,(int) __137,&info)
   104 |      $$CIV4 = $$CIV4 + 1ll;
            } while ((unsigned long long) $$CIV4 < (unsigned long long) niter);    /* ~37 */
            iter = niter;
          lab_39:
   110 |    $$RET0 = MPI_Wtime();
  1172 |    avg_qr_time[]@0 = ($$RET0 - time.rnnB) / (double) niter;
  1173 |    avg_qr_time[]@8 =  0.0000000000000000E+000;
   114 |    if (!(myRank == 0)) goto lab_43;
   115 |    printf("Completed %ld iterations of QR/n",iter);
   116 |    printf("Scalapack QR (pgeqrf) on a %ld-by-%ld matrix took %lf seconds/iteration, at %lf GFlops/n",m,n,($$RET0 - time.rnnB) / (double) niter,(_fmsub@49(( 2.0000000000000000E+000 * (double) m) * (double) n,(double) n,(( 6.6666666666666662E-001 * (double) n) * (double) n) * (double) n) / (($$RET0 - time.rnnB) / (double) niter)) *  1.0000000000000000E-009);
   118 |  lab_43:
   120 |    if (!(tdorgqr != 0)) goto lab_45;
   121 |    time.rnn9 = MPI_Wtime();
   122 |    iter.rnnC = 0ll;
            if (!(0ll < niter)) goto lab_49;
            $$CIV5 = 0ll;
            do {   /* id=1 guarded */ /* ~47 */ 
              /* region = 88 */
              /* bump-normalized */
   123 |      if (!(0ll < (m * n) / (long long) numPes)) goto lab_52;
              i.rnnD = 0ll;
              do {   /* id=2 guarded */ /* ~50 */ 
                /* region = 87 */
   124 |        __113 = drand48();
  1214 |        *(((double *)loc_A) + i.rnnD * 16ll / 8) = __113;
  1215 |        *(((double *)((char *)loc_A + 8)) + i.rnnD * 16ll / 8) =  0.0000000000000000E+000;
   123 |        i.rnnD = i.rnnD + 1ll;
              } while (i.rnnD < (m * n) / (long long) numPes);    /* ~50 */
            lab_52:
   126 |      void cpxorgqr<std::complex<double> >(int, int, int, std::complex<double>*, int, int, int const*, std::complex<double>*, std::complex<double>*, int, int*)((int) m,(int) n,(int) min(m,n),loc_A,1,1,&desc_A,loc_TAU2,work,(int) __137,&info)
   122 |      $$CIV5 = $$CIV5 + 1ll;
            } while ((unsigned long long) $$CIV5 < (unsigned long long) niter);    /* ~47 */
            iter.rnnC = niter;
          lab_49:
   128 |    $$RET1 = MPI_Wtime();
   132 |    if (!(myRank == 0)) goto lab_56;
  1172 |    avg_formq_time[]@0 = ($$RET1 - time.rnn9) / (double) niter;
  1173 |    avg_formq_time[]@8 =  0.0000000000000000E+000;
   133 |    printf("Completed %ld iterations of QR/n",iter.rnnC);
   136 |    printf("Scalapack form Q (porgqr) from a %ld-by-%ld matrix took %lf seconds/iteration/n",m,n,($$RET1 - time.rnn9) / (double) niter);
   321 |    __r = avg_qr_time;
  1263 |    __r[]@0 = real(__r._M_value@0) + real(avg_formq_time._M_value@0);
  1264 |    __r[]@8 = imag(__r._M_value@0) + imag(avg_formq_time._M_value@0);
   324 |    printf("Total SCALAPCK time to compute and form Q is %lf/n",__r);
   140 |  lab_56:
   141 |  lab_45:
   144 |    return;
          } /* function */ 



Source        Source        Loop Id       Action / Information                                      
File          Line                                                                                  
----------    ----------    ----------    ----------------------------------------------------------
         0            29             7    Loop was not SIMD vectorized because it contains 
                                          function calls.
         0            30             8    Loop was not SIMD vectorized because it contains 
                                          function calls.
         0            30             9    Loop was not SIMD vectorized because it contains 
                                          function calls.
         0            89             5    Loop was not SIMD vectorized because it contains 
                                          function calls.
         0            90             6    Loop was not SIMD vectorized because it contains 
                                          function calls.
         0           104             3    Loop was not SIMD vectorized because it contains 
                                          function calls.
         0           105             4    Loop cannot be normalized and no loop optimizations 
                                          applied.
         0           105             4    Loop cannot be normalized and no loop optimizations 
                                          applied.
         0           105             4    Loop cannot be normalized and no loop optimizations 
                                          applied.
         0           105             4    Loop was not SIMD vectorized because it contains 
                                          function calls.
         0           122             1    Loop was not SIMD vectorized because it contains 
                                          function calls.
         0           123             2    Loop cannot be normalized and no loop optimizations 
                                          applied.
         0           123             2    Loop cannot be normalized and no loop optimizations 
                                          applied.
         0           123             2    Loop cannot be normalized and no loop optimizations 
                                          applied.
         0           123             2    Loop was not SIMD vectorized because it contains 
                                          function calls.

    41 |  void void bench_scala_qr<double>(long, long, long, long, long, long, int)(long long m, long long n, long long b, long long niter, long long verify, long long pr, int tdorgqr)
          {
            void bench_scala_qr<double>(long, long, long, long, long, long, int)::guard___func__38 = 1;
    55 |    MPI_Comm_size(1140850688,&numPes);
    56 |    MPI_Comm_rank(1140850688,&myRank);
    57 |    pc = (long long) numPes / pr;
    58 |    ipc = (long long) myRank / pr;
    59 |    ipr = (long long) myRank % pr;
    61 |    loc_A = malloc((unsigned long long) (8ll * (m * n)) / (unsigned long long) numPes);
    62 |    if (!(verify != 0ll)) goto lab_2;
    63 |    full_A = malloc((unsigned long long) (8ll * (m * n)));
    64 |    TAU2 = malloc((unsigned long long) (n * 8ll));
    65 |  lab_2:
    66 |    loc_TAU2 = malloc((unsigned long long) (n * 8ll) / (unsigned long long) pc);
    67 |    if (!((5ll * (m * n)) / (long long) numPes > (m + n) * 300ll)) goto lab_5;
            __161 = (5ll * (m * n)) / (long long) numPes;
            goto lab_6;
          lab_5:
            __161 = (m + n) * 300ll;
          lab_6:
    68 |    work = malloc((unsigned long long) (__161 * 8ll));
    69 |    malloc((unsigned long long) ((m + n) * 2400ll));
    71 |    srand48(666ll)
    73 |    Cblacs_pinfo(&iam,&inprocs)
    74 |    Cblacs_get(-1,0,&icontxt)
    75 |    cC = 67u;
            Cblacs_gridinit(&icontxt,&cC,(int) pr,(int) pc)
    76 |    cdescinit(int*, int, int, int, int, int, int, int, int, int*)(&desc_A,(int) m,(int) n,(int) b,(int) b,0,0,icontxt,(int) (m / pr),&info)
    81 |    if (info == 0) goto lab_9;
            __assert_fail("info==0","bench_scala_qr.cxx",81u,&void bench_scala_qr<double>(long, long, long, long, long, long, int)::__func__)
            return;
          lab_9:
    83 |    if (!(verify != 0ll)) goto lab_10;
            if (!((double) (m * (n * n)) <  1.0000000000000000E+009)) goto lab_10;
    84 |    if (!(myRank == 0)) goto lab_13;
            printf("Verifying cpgeqrf correctness/n");
          lab_13:
    29 |    if (!(0 < (int) n)) goto lab_17;
    28 |    loc_off = 0;
    29 |    if (!(0 < (int) m)) goto lab_78;
            if (!1) goto lab_77;
            $$CIV7 = 0ll;
            do {   /* id=7 guarded */ /* ~15 */ 
              /* region = 82 */
              /* bump-normalized */
    30 |      if (!1) goto lab_20;
              if (!((int) ipc == ((int) $$CIV7 / (int) b) % (int) pc)) goto lab_89;
              if (!1) goto lab_88;
              $$CIV6 = 0ll;
              do {   /* id=8 guarded */ /* ~18 */ 
                /* region = 80 */
                /* bump-normalized */
    26 |        $$TVX.$$.$$RET222 = drand48();
    31 |        full_A[(long long) ((int) m * (int) $$CIV7 + (int) $$CIV6)] = $$TVX.$$.$$RET222;
    32 |        if (!((int) ipr == ((int) $$CIV6 / (int) b) % (int) pr)) goto lab_21;
    33 |        loc_A[(long long) loc_off] = $$TVX.$$.$$RET222;
    34 |        loc_off = loc_off + 1;
    35 |      lab_21:
    30 |        $$CIV6 = $$CIV6 + 1ll;
              } while ((unsigned long long) $$CIV6 < (unsigned long long) ((long long) ((int) m)));    /* ~18 */
            lab_88:
              goto lab_90;
            lab_89:
              if (!1) goto lab_93;
              $$CIV6 = 0ll;
              do {   /* id=9 guarded */ /* ~91 */ 
                /* region = 81 */
                /* bump-normalized */
    26 |        $$TVX.$$.$$RET233 = drand48();
    31 |        full_A[(long long) ((int) m * (int) $$CIV7 + (int) $$CIV6)] = $$TVX.$$.$$RET233;
    30 |        $$CIV6 = $$CIV6 + 1ll;
              } while ((unsigned long long) $$CIV6 < (unsigned long long) ((long long) ((int) m)));    /* ~91 */
            lab_93:
            lab_90:
            lab_20:
    29 |      $$CIV7 = $$CIV7 + 1ll;
            } while ((unsigned long long) $$CIV7 < (unsigned long long) ((long long) ((int) n)));    /* ~15 */
          lab_77:
          lab_78:
          lab_17:
    86 |    void cxgeqrf<double>(int, int, double*, int, double*, double*, int, int*)((int) m,(int) n,full_A,(int) m,TAU2,work,(int) __161,&info)
    87 |    void cpxgeqrf<double>(int, int, double*, int, int, int const*, double*, double*, int, int*)((int) m,(int) n,loc_A,1,1,&desc_A,loc_TAU2,work,(int) __161,&info)
    89 |    if (!(0ll < n)) goto lab_26;
    88 |    loc_off = 0ll;
    89 |    if (!(0ll < m)) goto lab_75;
            if (!1) goto lab_74;
            $$CIV9 = 0ll;
            do {   /* id=5 guarded */ /* ~24 */ 
              /* region = 84 */
              /* bump-normalized */
    90 |      if (!1) goto lab_29;
              if (!(ipc == ($$CIV9 / b) % pc)) goto lab_86;
              if (!1) goto lab_85;
              $$CIV8 = 0ll;
              do {   /* id=6 guarded */ /* ~27 */ 
                /* region = 83 */
                /* bump-normalized */
    91 |        if (!(ipr == ($$CIV8 / b) % pr)) goto lab_30;
    63 |        if (!((full_A[m * $$CIV9 + $$CIV8] - loc_A[loc_off]) / full_A[m * $$CIV9 + $$CIV8] >  9.9999999999999995E-007)) goto lab_33;
                printf("incorrect answer %ld scalapack computed %E, lapack computed %E/n",$$CIV9,loc_A[loc_off],full_A[m * $$CIV9 + $$CIV8]);
              lab_33:
    96 |        loc_off = loc_off + 1ll;
    97 |      lab_30:
    90 |        $$CIV8 = $$CIV8 + 1ll;
              } while ((unsigned long long) $$CIV8 < (unsigned long long) m);    /* ~27 */
            lab_85:
            lab_86:
            lab_29:
    89 |      $$CIV9 = $$CIV9 + 1ll;
            } while ((unsigned long long) $$CIV9 < (unsigned long long) n);    /* ~24 */
          lab_74:
          lab_75:
          lab_26:
   100 |    if (!(myRank == 0)) goto lab_35;
            printf("Verification of ScaLAPACK QR completed/n");
          lab_35:
   101 |  lab_10:
   103 |    time.rnn1B = MPI_Wtime();
   104 |    iter = 0ll;
            if (!(0ll < niter)) goto lab_39;
            $$CIVA = 0ll;
            do {   /* id=3 guarded */ /* ~37 */ 
              /* region = 86 */
              /* bump-normalized */
   105 |      if (!(0ll < (m * n) / (long long) numPes)) goto lab_42;
              i.rnn1E = 0ll;
              do {   /* id=4 guarded */ /* ~40 */ 
                /* region = 85 */
                $$RET3 = drand48();
   106 |        loc_A[i.rnn1E] = $$RET3;
   105 |        i.rnn1E = i.rnn1E + 1ll;
              } while (i.rnn1E < (m * n) / (long long) numPes);    /* ~40 */
            lab_42:
   108 |      void cpxgeqrf<double>(int, int, double*, int, int, int const*, double*, double*, int, int*)((int) m,(int) n,loc_A,1,1,&desc_A,loc_TAU2,work,(int) __161,&info)
   104 |      $$CIVA = $$CIVA + 1ll;
            } while ((unsigned long long) $$CIVA < (unsigned long long) niter);    /* ~37 */
            iter = niter;
          lab_39:
   110 |    $$RET4 = MPI_Wtime();
   114 |    if (!(myRank == 0)) goto lab_43;
   115 |    printf("Completed %ld iterations of QR/n",iter);
   116 |    printf("Scalapack QR (pgeqrf) on a %ld-by-%ld matrix took %lf seconds/iteration, at %lf GFlops/n",m,n,($$RET4 - time.rnn1B) / (double) niter,(_fmsub@49(( 2.0000000000000000E+000 * (double) m) * (double) n,(double) n,(( 6.6666666666666662E-001 * (double) n) * (double) n) * (double) n) / (($$RET4 - time.rnn1B) / (double) niter)) *  1.0000000000000000E-009);
   118 |  lab_43:
   120 |    if (!(tdorgqr != 0)) goto lab_45;
   121 |    time.rnn19 = MPI_Wtime();
   122 |    iter.rnn1C = 0ll;
            if (!(0ll < niter)) goto lab_49;
            $$CIVB = 0ll;
            do {   /* id=1 guarded */ /* ~47 */ 
              /* region = 88 */
              /* bump-normalized */
   123 |      if (!(0ll < (m * n) / (long long) numPes)) goto lab_52;
              i.rnn1D = 0ll;
              do {   /* id=2 guarded */ /* ~50 */ 
                /* region = 87 */
                $$RET5 = drand48();
   124 |        loc_A[i.rnn1D] = $$RET5;
   123 |        i.rnn1D = i.rnn1D + 1ll;
              } while (i.rnn1D < (m * n) / (long long) numPes);    /* ~50 */
            lab_52:
   126 |      void cpxorgqr<double>(int, int, int, double*, int, int, int const*, double*, double*, int, int*)((int) m,(int) n,(int) min(m,n),loc_A,1,1,&desc_A,loc_TAU2,work,(int) __161,&info)
   122 |      $$CIVB = $$CIVB + 1ll;
            } while ((unsigned long long) $$CIVB < (unsigned long long) niter);    /* ~47 */
            iter.rnn1C = niter;
          lab_49:
   128 |    $$RET6 = MPI_Wtime();
   132 |    if (!(myRank == 0)) goto lab_56;
   133 |    printf("Completed %ld iterations of QR/n",iter.rnn1C);
   136 |    printf("Scalapack form Q (porgqr) from a %ld-by-%ld matrix took %lf seconds/iteration/n",m,n,($$RET6 - time.rnn19) / (double) niter);
   138 |    printf("Total SCALAPCK time to compute and form Q is %lf/n",($$RET4 - time.rnn1B) / (double) niter + ($$RET6 - time.rnn19) / (double) niter);
   140 |  lab_56:
   141 |  lab_45:
   144 |    return;
          } /* function */ 



Source        Source        Loop Id       Action / Information                                      
File          Line                                                                                  
----------    ----------    ----------    ----------------------------------------------------------
         0            29             7    Loop was not SIMD vectorized because it contains 
                                          function calls.
         0            30             8    Loop was not SIMD vectorized because it contains 
                                          function calls.
         0            30             9    Loop was not SIMD vectorized because it contains 
                                          function calls.
         0            89             5    Loop was not SIMD vectorized because it contains 
                                          function calls.
         0            90             6    Loop was not SIMD vectorized because it contains 
                                          function calls.
         0           104             3    Loop was not SIMD vectorized because it contains 
                                          function calls.
         0           105             4    Loop cannot be normalized and no loop optimizations 
                                          applied.
         0           105             4    Loop cannot be normalized and no loop optimizations 
                                          applied.
         0           105             4    Loop cannot be normalized and no loop optimizations 
                                          applied.
         0           105             4    Loop was not SIMD vectorized because it contains 
                                          function calls.
         0           122             1    Loop was not SIMD vectorized because it contains 
                                          function calls.
         0           123             2    Loop cannot be normalized and no loop optimizations 
                                          applied.
         0           123             2    Loop cannot be normalized and no loop optimizations 
                                          applied.
         0           123             2    Loop cannot be normalized and no loop optimizations 
                                          applied.
         0           123             2    Loop was not SIMD vectorized because it contains 
                                          function calls.

          void __sinit65535()()
          {
    72 |    std::ios_base::Init::Init()(&__ioinit);
            __cxa_atexit(&__srterm__0(),NULL,&__dso_handle);
            return;
          } /* function */ 


          void __srterm__0()()
          {
    72 |    std::ios_base::Init::~Init()(&__ioinit);
            return;
          } /* function */ 


   147 |  int main(int argc, char * *argv)
          {
            $$argv.nat.9 = argv;
            $$argc.nat.9 = argc;
   151 |    argc = $$argc.nat.9;
            argv = $$argv.nat.9;
            MPI_Init(&argc,&argv);
   152 |    MPI_Comm_size(1140850688,&numPes);
   153 |    MPI_Comm_rank(1140850688,&myRank);
   155 |    if (!(myRank == 0)) goto lab_1;
   156 |    printf("%s [number of rows] [number of columns] [blocking factor] [number of iterations] [verify]",argv[0ll]);
   157 |    printf(" [num processor rows] [whether to benchmark form Q] [use complex]/n");
   158 |  lab_1:
   159 |    if (!(argc > 9)) goto lab_3;
   160 |    MPI_Abort(1140850688,-1);
   161 |  lab_3:
   163 |    if (!(argc > 3)) goto lab_5;
   286 |    __47 = (int) strtol(argv[3ll],NULL,10);
   285 |    b = (long long) __47;
            goto lab_7;
          lab_5:
   164 |    b = 10ll;
          lab_7:
   165 |    if (!(argc > 4)) goto lab_8;
   286 |    __51 = (int) strtol(argv[4ll],NULL,10);
   285 |    niter = (long long) __51;
            goto lab_10;
          lab_8:
   166 |    niter = 5ll;
          lab_10:
   167 |    if (!(argc > 5)) goto lab_11;
   286 |    __55 = (int) strtol(argv[5ll],NULL,10);
   285 |    verify = (long long) __55;
            goto lab_13;
          lab_11:
   168 |    verify = 1ll;
          lab_13:
   169 |    if (!(argc > 6)) goto lab_14;
   286 |    __59 = (int) strtol(argv[6ll],NULL,10);
   285 |    pr = (long long) __59;
            goto lab_16;
          lab_14:
   170 |    pr = (long long) numPes;
          lab_16:
   171 |    if (!(argc > 7)) goto lab_17;
   286 |    __63 = (int) strtol(argv[7ll],NULL,10);
   285 |    tdorgqr = __63;
            goto lab_19;
          lab_17:
   172 |    tdorgqr = 1;
          lab_19:
   173 |    if (!(argc > 8)) goto lab_20;
   286 |    __67 = (int) strtol(argv[8ll],NULL,10);
   285 |    bcomplex.rnn0 = __67 == 0;
            goto lab_22;
          lab_20:
   174 |    bcomplex.rnn0 = 1;
          lab_22:
   175 |    pc = (long long) numPes / pr;
   176 |    if (!(0ll != (long long) numPes % pr)) goto lab_23;
   177 |    if (!(myRank == 0)) goto lab_25;
   178 |    printf("%ld mod %ld != 0 Number of processor grid ",n,(long long) numPes / pr);
   179 |    printf("columns must divide into the matrix dimension/n");
   180 |  lab_25:
   181 |    MPI_Abort(1140850688,-1);
   182 |  lab_23:
   186 |    if (!(argc > 1)) goto lab_27;
   286 |    __71 = (int) strtol(argv[1ll],NULL,10);
   285 |    m = (long long) __71;
            goto lab_29;
          lab_27:
   187 |    m = 10ll * (pr * b);
          lab_29:
   188 |    if (!(argc > 2)) goto lab_30;
   286 |    __75 = (int) strtol(argv[2ll],NULL,10);
   285 |    n = (long long) __75;
            goto lab_32;
          lab_30:
   189 |    n = 10ll * (pc * b);
          lab_32:
   191 |    if (!(0ll != (long long) numPes % pr)) goto lab_33;
   192 |    if (!(myRank == 0)) goto lab_35;
   193 |    printf("%d mod %ld != 0 Number of processor grid ",numPes,pr);
   194 |    printf("rows must divide into number of processors/n");
   195 |  lab_35:
   196 |    MPI_Abort(1140850688,-1);
   197 |  lab_33:
   198 |    if (!(0ll != m % pr)) goto lab_37;
   199 |    if (!(myRank == 0)) goto lab_39;
   200 |    printf("%ld mod %ld != 0 Number of processor grid ",n,pr);
   201 |    printf("rows must divide into the matrix dimension/n");
   202 |  lab_39:
   203 |    MPI_Abort(1140850688,-1);
   204 |  lab_37:
   207 |    if (!(myRank == 0)) goto lab_41;
   208 |    if (!(tdorgqr != 0)) goto lab_43;
   209 |    printf("Benchmarking ScaLAPACK QR and form Q of ");
            goto lab_45;
          lab_43:
   211 |    printf("Benchmarking ScaLAPACK QR of ");
          lab_45:
   212 |    if (!(bcomplex.rnn0 == 0)) goto lab_46;
            printf("a complex<double> ");
            goto lab_48;
          lab_46:
   213 |    printf("a double precision ");
          lab_48:
   214 |    printf("%ld-by-%ld matrix with block size %ld/n",m,n,b);
   215 |    printf("Using %d processors in %ld-by-%ld grid./n",numPes,pr,pc);
   216 |  lab_41:
   217 |    if (!(bcomplex.rnn0 == 0)) goto lab_49;
   218 |    void bench_scala_qr<std::complex<double> >(long, long, long, long, long, long, int)(m,n,b,niter,verify,pr,tdorgqr)
            goto lab_51;
          lab_49:
   220 |    void bench_scala_qr<double>(long, long, long, long, long, long, int)(m,n,b,niter,verify,pr,tdorgqr)
          lab_51:
   221 |    MPI_Finalize();
   222 |    rstr = 0;
            return rstr;
   223 |  } /* function */ 


    41 |  void void bench_scala_qr<std::complex<double> >(long, long, long, long, long, long, int)(long long m, long long n, long long b, long long niter, long long verify, long long pr, int tdorgqr)
          {
            void bench_scala_qr<std::complex<double> >(long, long, long, long, long, long, int)::guard___func__38 = 1;
    55 |    MPI_Comm_size(1140850688,&numPes);
    56 |    MPI_Comm_rank(1140850688,&myRank);
    57 |    pc = (long long) numPes / pr;
    58 |    ipc = (long long) myRank / pr;
    59 |    ipr = (long long) myRank % pr;
    61 |    loc_A = malloc((unsigned long long) (16ll * (m * n)) / (unsigned long long) numPes);
    62 |    if (!(verify != 0ll)) goto lab_2;
    63 |    full_A = malloc((unsigned long long) (16ll * (m * n)));
    64 |    TAU2 = malloc((unsigned long long) (n * 16ll));
    65 |  lab_2:
    66 |    loc_TAU2 = malloc((unsigned long long) (n * 16ll) / (unsigned long long) pc);
    67 |    if (!((5ll * (m * n)) / (long long) numPes > (m + n) * 300ll)) goto lab_5;
            __137 = (5ll * (m * n)) / (long long) numPes;
            goto lab_6;
          lab_5:
            __137 = (m + n) * 300ll;
          lab_6:
    68 |    work = malloc((unsigned long long) (__137 * 16ll));
    69 |    malloc((unsigned long long) ((m + n) * 2400ll));
    71 |    srand48(666ll)
    73 |    Cblacs_pinfo(&iam,&inprocs)
    74 |    Cblacs_get(-1,0,&icontxt)
    75 |    cC = 67u;
            Cblacs_gridinit(&icontxt,&cC,(int) pr,(int) pc)
    76 |    cdescinit(int*, int, int, int, int, int, int, int, int, int*)(&desc_A,(int) m,(int) n,(int) b,(int) b,0,0,icontxt,(int) (m / pr),&info)
    81 |    if (info == 0) goto lab_9;
            __assert_fail("info==0","bench_scala_qr.cxx",81u,&void bench_scala_qr<std::complex<double> >(long, long, long, long, long, long, int)::__func__)
            return;
          lab_9:
    83 |    if (!(verify != 0ll)) goto lab_10;
            if (!((double) (m * (n * n)) <  1.0000000000000000E+009)) goto lab_10;
    84 |    if (!(myRank == 0)) goto lab_13;
            printf("Verifying cpgeqrf correctness/n");
          lab_13:
    29 |    if (!(0 < (int) n)) goto lab_17;
    28 |    loc_off = 0;
    29 |    if (!(0 < (int) m)) goto lab_78;
            if (!1) goto lab_77;
            $$CIV1 = 0ll;
            do {   /* id=7 guarded */ /* ~15 */ 
              /* region = 82 */
              /* bump-normalized */
    30 |      if (!1) goto lab_20;
              if (!((int) ipc == ((int) $$CIV1 / (int) b) % (int) pc)) goto lab_89;
              if (!1) goto lab_88;
              $$CIV0 = 0ll;
              do {   /* id=8 guarded */ /* ~18 */ 
                /* region = 80 */
                /* bump-normalized */
    31 |        $$TVX.$$.__12300 = drand48();
  1214 |        *(((double *)full_A) + (long long) ((int) m * (int) $$CIV1 + (int) $$CIV0) * 16ll / 8) = $$TVX.$$.__12300;
  1215 |        *(((double *)((char *)full_A + 8)) + (long long) ((int) m * (int) $$CIV1 + (int) $$CIV0) * 16ll / 8) =  0.0000000000000000E+000;
    32 |        if (!((int) ipr == ((int) $$CIV0 / (int) b) % (int) pr)) goto lab_21;
    33 |        loc_A[(long long) loc_off] = full_A[(long long) ((int) m * (int) $$CIV1 + (int) $$CIV0)];
    34 |        loc_off = loc_off + 1;
    35 |      lab_21:
    30 |        $$CIV0 = $$CIV0 + 1ll;
              } while ((unsigned long long) $$CIV0 < (unsigned long long) ((long long) ((int) m)));    /* ~18 */
            lab_88:
              goto lab_90;
            lab_89:
              if (!1) goto lab_93;
              $$CIV0 = 0ll;
              do {   /* id=9 guarded */ /* ~91 */ 
                /* region = 81 */
                /* bump-normalized */
    31 |        $$TVX.$$.__12311 = drand48();
  1214 |        *(((double *)full_A) + (long long) ((int) m * (int) $$CIV1 + (int) $$CIV0) * 16ll / 8) = $$TVX.$$.__12311;
  1215 |        *(((double *)((char *)full_A + 8)) + (long long) ((int) m * (int) $$CIV1 + (int) $$CIV0) * 16ll / 8) =  0.0000000000000000E+000;
    30 |        $$CIV0 = $$CIV0 + 1ll;
              } while ((unsigned long long) $$CIV0 < (unsigned long long) ((long long) ((int) m)));    /* ~91 */
            lab_93:
            lab_90:
            lab_20:
    29 |      $$CIV1 = $$CIV1 + 1ll;
            } while ((unsigned long long) $$CIV1 < (unsigned long long) ((long long) ((int) n)));    /* ~15 */
          lab_77:
          lab_78:
          lab_17:
    86 |    void cxgeqrf<std::complex<double> >(int, int, std::complex<double>*, int, std::complex<double>*, std::complex<double>*, int, int*)((int) m,(int) n,full_A,(int) m,TAU2,work,(int) __137,&info)
    87 |    void cpxgeqrf<std::complex<double> >(int, int, std::complex<double>*, int, int, int const*, std::complex<double>*, std::complex<double>*, int, int*)((int) m,(int) n,loc_A,1,1,&desc_A,loc_TAU2,work,(int) __137,&info)
    89 |    if (!(0ll < n)) goto lab_26;
    88 |    loc_off = 0ll;
    89 |    if (!(0ll < m)) goto lab_75;
            if (!1) goto lab_74;
            $$CIV3 = 0ll;
            do {   /* id=5 guarded */ /* ~24 */ 
              /* region = 84 */
              /* bump-normalized */
    90 |      if (!1) goto lab_29;
              if (!(ipc == ($$CIV3 / b) % pc)) goto lab_86;
              if (!1) goto lab_85;
              $$CIV2 = 0ll;
              do {   /* id=6 guarded */ /* ~27 */ 
                /* region = 83 */
                /* bump-normalized */
    91 |        if (!(ipr == ($$CIV2 / b) % pr)) goto lab_30;
   351 |        __r = full_A[m * $$CIV3 + $$CIV2];
  1272 |        __r[]@0 = real(__r._M_value@0) - real(loc_A[loc_off]);
  1273 |        __r[]@8 = imag(__r._M_value@0) - imag(loc_A[loc_off]);
   354 |        diff = __r;
    66 |        __97 = full_A[m * $$CIV3 + $$CIV2];
                if (!(real(diff._M_value@0) / real(__97._M_value@0) >  9.9999999999999995E-007)) goto lab_33;
    94 |        __101 = loc_A[loc_off];
    66 |        __105 = full_A[m * $$CIV3 + $$CIV2];
                printf("incorrect answer %ld scalapack computed %E, lapack computed %E/n",$$CIV3,real(__101._M_value@0),real(__105._M_value@0));
              lab_33:
    96 |        loc_off = loc_off + 1ll;
    97 |      lab_30:
    90 |        $$CIV2 = $$CIV2 + 1ll;
              } while ((unsigned long long) $$CIV2 < (unsigned long long) m);    /* ~27 */
            lab_85:
            lab_86:
            lab_29:
    89 |      $$CIV3 = $$CIV3 + 1ll;
            } while ((unsigned long long) $$CIV3 < (unsigned long long) n);    /* ~24 */
          lab_74:
          lab_75:
          lab_26:
   100 |    if (!(myRank == 0)) goto lab_35;
            printf("Verification of ScaLAPACK QR completed/n");
          lab_35:
   101 |  lab_10:
   103 |    time.rnnB = MPI_Wtime();
   104 |    iter = 0ll;
            if (!(0ll < niter)) goto lab_39;
            $$CIV4 = 0ll;
            do {   /* id=3 guarded */ /* ~37 */ 
              /* region = 86 */
              /* bump-normalized */
   105 |      if (!(0ll < (m * n) / (long long) numPes)) goto lab_42;
              i.rnnE = 0ll;
              do {   /* id=4 guarded */ /* ~40 */ 
                /* region = 85 */
   106 |        __108 = drand48();
  1214 |        *(((double *)loc_A) + i.rnnE * 16ll / 8) = __108;
  1215 |        *(((double *)((char *)loc_A + 8)) + i.rnnE * 16ll / 8) =  0.0000000000000000E+000;
   105 |        i.rnnE = i.rnnE + 1ll;
              } while (i.rnnE < (m * n) / (long long) numPes);    /* ~40 */
            lab_42:
   108 |      void cpxgeqrf<std::complex<double> >(int, int, std::complex<double>*, int, int, int const*, std::complex<double>*, std::complex<double>*, int, int*)((int) m,(int) n,loc_A,1,1,&desc_A,loc_TAU2,work,(int) __137,&info)
   104 |      $$CIV4 = $$CIV4 + 1ll;
            } while ((unsigned long long) $$CIV4 < (unsigned long long) niter);    /* ~37 */
            iter = niter;
          lab_39:
   110 |    $$RET0 = MPI_Wtime();
  1172 |    avg_qr_time[]@0 = ($$RET0 - time.rnnB) / (double) niter;
  1173 |    avg_qr_time[]@8 =  0.0000000000000000E+000;
   114 |    if (!(myRank == 0)) goto lab_43;
   115 |    printf("Completed %ld iterations of QR/n",iter);
   116 |    printf("Scalapack QR (pgeqrf) on a %ld-by-%ld matrix took %lf seconds/iteration, at %lf GFlops/n",m,n,($$RET0 - time.rnnB) / (double) niter,(_fmsub@49(( 2.0000000000000000E+000 * (double) m) * (double) n,(double) n,(( 6.6666666666666662E-001 * (double) n) * (double) n) * (double) n) / (($$RET0 - time.rnnB) / (double) niter)) *  1.0000000000000000E-009);
   118 |  lab_43:
   120 |    if (!(tdorgqr != 0)) goto lab_45;
   121 |    time.rnn9 = MPI_Wtime();
   122 |    iter.rnnC = 0ll;
            if (!(0ll < niter)) goto lab_49;
            $$CIV5 = 0ll;
            do {   /* id=1 guarded */ /* ~47 */ 
              /* region = 88 */
              /* bump-normalized */
   123 |      if (!(0ll < (m * n) / (long long) numPes)) goto lab_52;
              i.rnnD = 0ll;
              do {   /* id=2 guarded */ /* ~50 */ 
                /* region = 87 */
   124 |        __113 = drand48();
  1214 |        *(((double *)loc_A) + i.rnnD * 16ll / 8) = __113;
  1215 |        *(((double *)((char *)loc_A + 8)) + i.rnnD * 16ll / 8) =  0.0000000000000000E+000;
   123 |        i.rnnD = i.rnnD + 1ll;
              } while (i.rnnD < (m * n) / (long long) numPes);    /* ~50 */
            lab_52:
   126 |      void cpxorgqr<std::complex<double> >(int, int, int, std::complex<double>*, int, int, int const*, std::complex<double>*, std::complex<double>*, int, int*)((int) m,(int) n,(int) min(m,n),loc_A,1,1,&desc_A,loc_TAU2,work,(int) __137,&info)
   122 |      $$CIV5 = $$CIV5 + 1ll;
            } while ((unsigned long long) $$CIV5 < (unsigned long long) niter);    /* ~47 */
            iter.rnnC = niter;
          lab_49:
   128 |    $$RET1 = MPI_Wtime();
   132 |    if (!(myRank == 0)) goto lab_56;
  1172 |    avg_formq_time[]@0 = ($$RET1 - time.rnn9) / (double) niter;
  1173 |    avg_formq_time[]@8 =  0.0000000000000000E+000;
   133 |    printf("Completed %ld iterations of QR/n",iter.rnnC);
   136 |    printf("Scalapack form Q (porgqr) from a %ld-by-%ld matrix took %lf seconds/iteration/n",m,n,($$RET1 - time.rnn9) / (double) niter);
   321 |    __r = avg_qr_time;
  1263 |    $$csx0 = avg_formq_time._M_value@0;
            __r[]@0 = real(__r._M_value@0) + real($$csx0);
  1264 |    __r[]@8 = imag(__r._M_value@0) + imag($$csx0);
   324 |    printf("Total SCALAPCK time to compute and form Q is %lf/n",__r);
   140 |  lab_56:
   141 |  lab_45:
   144 |    return;
          } /* function */ 


    41 |  void void bench_scala_qr<double>(long, long, long, long, long, long, int)(long long m, long long n, long long b, long long niter, long long verify, long long pr, int tdorgqr)
          {
            void bench_scala_qr<double>(long, long, long, long, long, long, int)::guard___func__38 = 1;
    55 |    MPI_Comm_size(1140850688,&numPes);
    56 |    MPI_Comm_rank(1140850688,&myRank);
    57 |    pc = (long long) numPes / pr;
    58 |    ipc = (long long) myRank / pr;
    59 |    ipr = (long long) myRank % pr;
    61 |    loc_A = malloc((unsigned long long) (8ll * (m * n)) / (unsigned long long) numPes);
    62 |    if (!(verify != 0ll)) goto lab_2;
    63 |    full_A = malloc((unsigned long long) (8ll * (m * n)));
    64 |    TAU2 = malloc((unsigned long long) (n * 8ll));
    65 |  lab_2:
    66 |    loc_TAU2 = malloc((unsigned long long) (n * 8ll) / (unsigned long long) pc);
    67 |    if (!((5ll * (m * n)) / (long long) numPes > (m + n) * 300ll)) goto lab_5;
            __161 = (5ll * (m * n)) / (long long) numPes;
            goto lab_6;
          lab_5:
            __161 = (m + n) * 300ll;
          lab_6:
    68 |    work = malloc((unsigned long long) (__161 * 8ll));
    69 |    malloc((unsigned long long) ((m + n) * 2400ll));
    71 |    srand48(666ll)
    73 |    Cblacs_pinfo(&iam,&inprocs)
    74 |    Cblacs_get(-1,0,&icontxt)
    75 |    cC = 67u;
            Cblacs_gridinit(&icontxt,&cC,(int) pr,(int) pc)
    76 |    cdescinit(int*, int, int, int, int, int, int, int, int, int*)(&desc_A,(int) m,(int) n,(int) b,(int) b,0,0,icontxt,(int) (m / pr),&info)
    81 |    if (info == 0) goto lab_9;
            __assert_fail("info==0","bench_scala_qr.cxx",81u,&void bench_scala_qr<double>(long, long, long, long, long, long, int)::__func__)
            return;
          lab_9:
    83 |    if (!(verify != 0ll)) goto lab_10;
            if (!((double) (m * (n * n)) <  1.0000000000000000E+009)) goto lab_10;
    84 |    if (!(myRank == 0)) goto lab_13;
            printf("Verifying cpgeqrf correctness/n");
          lab_13:
    29 |    if (!(0 < (int) n)) goto lab_17;
    28 |    loc_off = 0;
    29 |    if (!(0 < (int) m)) goto lab_78;
            if (!1) goto lab_77;
            $$CIV7 = 0ll;
            do {   /* id=7 guarded */ /* ~15 */ 
              /* region = 82 */
              /* bump-normalized */
    30 |      if (!1) goto lab_20;
              if (!((int) ipc == ((int) $$CIV7 / (int) b) % (int) pc)) goto lab_89;
              if (!1) goto lab_88;
              $$CIV6 = 0ll;
              do {   /* id=8 guarded */ /* ~18 */ 
                /* region = 80 */
                /* bump-normalized */
    26 |        $$TVX.$$.$$RET222 = drand48();
    31 |        full_A[(long long) ((int) m * (int) $$CIV7 + (int) $$CIV6)] = $$TVX.$$.$$RET222;
    32 |        if (!((int) ipr == ((int) $$CIV6 / (int) b) % (int) pr)) goto lab_21;
    33 |        loc_A[(long long) loc_off] = $$TVX.$$.$$RET222;
    34 |        loc_off = loc_off + 1;
    35 |      lab_21:
    30 |        $$CIV6 = $$CIV6 + 1ll;
              } while ((unsigned long long) $$CIV6 < (unsigned long long) ((long long) ((int) m)));    /* ~18 */
            lab_88:
              goto lab_90;
            lab_89:
              if (!1) goto lab_93;
              $$CIV6 = 0ll;
              do {   /* id=9 guarded */ /* ~91 */ 
                /* region = 81 */
                /* bump-normalized */
    26 |        $$TVX.$$.$$RET233 = drand48();
    31 |        full_A[(long long) ((int) m * (int) $$CIV7 + (int) $$CIV6)] = $$TVX.$$.$$RET233;
    30 |        $$CIV6 = $$CIV6 + 1ll;
              } while ((unsigned long long) $$CIV6 < (unsigned long long) ((long long) ((int) m)));    /* ~91 */
            lab_93:
            lab_90:
            lab_20:
    29 |      $$CIV7 = $$CIV7 + 1ll;
            } while ((unsigned long long) $$CIV7 < (unsigned long long) ((long long) ((int) n)));    /* ~15 */
          lab_77:
          lab_78:
          lab_17:
    86 |    void cxgeqrf<double>(int, int, double*, int, double*, double*, int, int*)((int) m,(int) n,full_A,(int) m,TAU2,work,(int) __161,&info)
    87 |    void cpxgeqrf<double>(int, int, double*, int, int, int const*, double*, double*, int, int*)((int) m,(int) n,loc_A,1,1,&desc_A,loc_TAU2,work,(int) __161,&info)
    89 |    if (!(0ll < n)) goto lab_26;
    88 |    loc_off = 0ll;
    89 |    if (!(0ll < m)) goto lab_75;
            if (!1) goto lab_74;
            $$CIV9 = 0ll;
            do {   /* id=5 guarded */ /* ~24 */ 
              /* region = 84 */
              /* bump-normalized */
    90 |      if (!1) goto lab_29;
              if (!(ipc == ($$CIV9 / b) % pc)) goto lab_86;
              if (!1) goto lab_85;
              $$CIV8 = 0ll;
              do {   /* id=6 guarded */ /* ~27 */ 
                /* region = 83 */
                /* bump-normalized */
    91 |        if (!(ipr == ($$CIV8 / b) % pr)) goto lab_30;
    63 |        $$csx1 = full_A[m * $$CIV9 + $$CIV8];
                if (!(($$csx1 - loc_A[loc_off]) / $$csx1 >  9.9999999999999995E-007)) goto lab_33;
                printf("incorrect answer %ld scalapack computed %E, lapack computed %E/n",$$CIV9,loc_A[loc_off],$$csx1);
              lab_33:
    96 |        loc_off = loc_off + 1ll;
    97 |      lab_30:
    90 |        $$CIV8 = $$CIV8 + 1ll;
              } while ((unsigned long long) $$CIV8 < (unsigned long long) m);    /* ~27 */
            lab_85:
            lab_86:
            lab_29:
    89 |      $$CIV9 = $$CIV9 + 1ll;
            } while ((unsigned long long) $$CIV9 < (unsigned long long) n);    /* ~24 */
          lab_74:
          lab_75:
          lab_26:
   100 |    if (!(myRank == 0)) goto lab_35;
            printf("Verification of ScaLAPACK QR completed/n");
          lab_35:
   101 |  lab_10:
   103 |    time.rnn1B = MPI_Wtime();
   104 |    iter = 0ll;
            if (!(0ll < niter)) goto lab_39;
            $$CIVA = 0ll;
            do {   /* id=3 guarded */ /* ~37 */ 
              /* region = 86 */
              /* bump-normalized */
   105 |      if (!(0ll < (m * n) / (long long) numPes)) goto lab_42;
              i.rnn1E = 0ll;
              do {   /* id=4 guarded */ /* ~40 */ 
                /* region = 85 */
                $$RET3 = drand48();
   106 |        loc_A[i.rnn1E] = $$RET3;
   105 |        i.rnn1E = i.rnn1E + 1ll;
              } while (i.rnn1E < (m * n) / (long long) numPes);    /* ~40 */
            lab_42:
   108 |      void cpxgeqrf<double>(int, int, double*, int, int, int const*, double*, double*, int, int*)((int) m,(int) n,loc_A,1,1,&desc_A,loc_TAU2,work,(int) __161,&info)
   104 |      $$CIVA = $$CIVA + 1ll;
            } while ((unsigned long long) $$CIVA < (unsigned long long) niter);    /* ~37 */
            iter = niter;
          lab_39:
   110 |    $$RET4 = MPI_Wtime();
   114 |    if (!(myRank == 0)) goto lab_43;
   115 |    printf("Completed %ld iterations of QR/n",iter);
   116 |    printf("Scalapack QR (pgeqrf) on a %ld-by-%ld matrix took %lf seconds/iteration, at %lf GFlops/n",m,n,($$RET4 - time.rnn1B) / (double) niter,(_fmsub@49(( 2.0000000000000000E+000 * (double) m) * (double) n,(double) n,(( 6.6666666666666662E-001 * (double) n) * (double) n) * (double) n) / (($$RET4 - time.rnn1B) / (double) niter)) *  1.0000000000000000E-009);
   118 |  lab_43:
   120 |    if (!(tdorgqr != 0)) goto lab_45;
   121 |    time.rnn19 = MPI_Wtime();
   122 |    iter.rnn1C = 0ll;
            if (!(0ll < niter)) goto lab_49;
            $$CIVB = 0ll;
            do {   /* id=1 guarded */ /* ~47 */ 
              /* region = 88 */
              /* bump-normalized */
   123 |      if (!(0ll < (m * n) / (long long) numPes)) goto lab_52;
              i.rnn1D = 0ll;
              do {   /* id=2 guarded */ /* ~50 */ 
                /* region = 87 */
                $$RET5 = drand48();
   124 |        loc_A[i.rnn1D] = $$RET5;
   123 |        i.rnn1D = i.rnn1D + 1ll;
              } while (i.rnn1D < (m * n) / (long long) numPes);    /* ~50 */
            lab_52:
   126 |      void cpxorgqr<double>(int, int, int, double*, int, int, int const*, double*, double*, int, int*)((int) m,(int) n,(int) min(m,n),loc_A,1,1,&desc_A,loc_TAU2,work,(int) __161,&info)
   122 |      $$CIVB = $$CIVB + 1ll;
            } while ((unsigned long long) $$CIVB < (unsigned long long) niter);    /* ~47 */
            iter.rnn1C = niter;
          lab_49:
   128 |    $$RET6 = MPI_Wtime();
   132 |    if (!(myRank == 0)) goto lab_56;
   133 |    printf("Completed %ld iterations of QR/n",iter.rnn1C);
   136 |    printf("Scalapack form Q (porgqr) from a %ld-by-%ld matrix took %lf seconds/iteration/n",m,n,($$RET6 - time.rnn19) / (double) niter);
   138 |    printf("Total SCALAPCK time to compute and form Q is %lf/n",($$RET4 - time.rnn1B) / (double) niter + ($$RET6 - time.rnn19) / (double) niter);
   140 |  lab_56:
   141 |  lab_45:
   144 |    return;
          } /* function */ 


          void __sinit65535()()
          {
    72 |    std::ios_base::Init::Init()(&__ioinit);
            __cxa_atexit(&__srterm__0(),NULL,&__dso_handle);
            return;
          } /* function */ 


          void __srterm__0()()
          {
    72 |    std::ios_base::Init::~Init()(&__ioinit);
            return;
          } /* function */ 


